../Drivers/lvgl/src/misc/lv_fs.c:43:6:_lv_fs_init	8	static
../Drivers/lvgl/src/misc/lv_fs.c:48:6:lv_fs_is_ready	24	static
../Drivers/lvgl/src/misc/lv_fs.c:59:13:lv_fs_open	40	static
../Drivers/lvgl/src/misc/lv_fs.c:107:13:lv_fs_close	24	static
../Drivers/lvgl/src/misc/lv_fs.c:134:20:lv_fs_read_cached	80	static
../Drivers/lvgl/src/misc/lv_fs.c:207:13:lv_fs_read	48	static
../Drivers/lvgl/src/misc/lv_fs.c:228:13:lv_fs_write	48	static
../Drivers/lvgl/src/misc/lv_fs.c:247:13:lv_fs_seek	40	static
../Drivers/lvgl/src/misc/lv_fs.c:302:13:lv_fs_tell	24	static
../Drivers/lvgl/src/misc/lv_fs.c:326:13:lv_fs_dir_open	32	static
../Drivers/lvgl/src/misc/lv_fs.c:360:13:lv_fs_dir_read	24	static
../Drivers/lvgl/src/misc/lv_fs.c:377:13:lv_fs_dir_close	24	static
../Drivers/lvgl/src/misc/lv_fs.c:395:6:lv_fs_drv_init	16	static
../Drivers/lvgl/src/misc/lv_fs.c:400:6:lv_fs_drv_register	24	static
../Drivers/lvgl/src/misc/lv_fs.c:411:15:lv_fs_get_drv	24	static
../Drivers/lvgl/src/misc/lv_fs.c:424:8:lv_fs_get_letters	24	static
../Drivers/lvgl/src/misc/lv_fs.c:439:14:lv_fs_get_ext	24	static
../Drivers/lvgl/src/misc/lv_fs.c:454:8:lv_fs_up	24	static
../Drivers/lvgl/src/misc/lv_fs.c:480:14:lv_fs_get_last	24	static
../Drivers/lvgl/src/misc/lv_fs.c:514:21:lv_fs_get_real_path	16	static
