../Drivers/lvgl/src/misc/lv_mem.c:87:6:lv_mem_init	8	static
../Drivers/lvgl/src/misc/lv_mem.c:113:6:lv_mem_deinit	8	static
../Drivers/lvgl/src/misc/lv_mem.c:126:8:lv_mem_alloc	24	static
../Drivers/lvgl/src/misc/lv_mem.c:170:6:lv_mem_free	24	static
../Drivers/lvgl/src/misc/lv_mem.c:195:8:lv_mem_realloc	24	static
../Drivers/lvgl/src/misc/lv_mem.c:220:10:lv_mem_test	8	static
../Drivers/lvgl/src/misc/lv_mem.c:247:6:lv_mem_monitor	16	static
../Drivers/lvgl/src/misc/lv_mem.c:276:8:lv_mem_buf_get	24	static
../Drivers/lvgl/src/misc/lv_mem.c:332:6:lv_mem_buf_release	24	static
../Drivers/lvgl/src/misc/lv_mem.c:349:6:lv_mem_buf_free_all	16	static
../Drivers/lvgl/src/misc/lv_mem.c:368:30:lv_memcpy	48	static
../Drivers/lvgl/src/misc/lv_mem.c:430:28:lv_memset	40	static
../Drivers/lvgl/src/misc/lv_mem.c:473:28:lv_memset_00	32	static
../Drivers/lvgl/src/misc/lv_mem.c:511:28:lv_memset_ff	32	static
../Drivers/lvgl/src/misc/lv_mem.c:551:13:lv_mem_walker	32	static
