../Drivers/lvgl/src/widgets/../../../lvgl/src/widgets/../../../lvgl/src/core/../../../lvgl/src/misc/../../../lvgl/src/font/../../../lvgl/src/misc/lv_area.h:110:20:lv_area_copy	16	static
../Drivers/lvgl/src/widgets/../../../lvgl/src/widgets/../../../lvgl/src/core/../../../lvgl/src/misc/../../../lvgl/src/misc/lv_color.h:594:26:lv_color_make	16	static
../Drivers/lvgl/src/widgets/../../../lvgl/src/widgets/../../../lvgl/src/core/../../../lvgl/src/misc/../../../lvgl/src/misc/lv_color.h:599:26:lv_color_hex	24	static
../Drivers/lvgl/src/widgets/../../../lvgl/src/widgets/../../../lvgl/src/core/../../../lvgl/src/misc/../../../lvgl/src/misc/lv_color.h:695:26:lv_color_white	8	static
../Drivers/lvgl/src/widgets/../../../lvgl/src/widgets/../../../lvgl/src/core/../../../lvgl/src/core/../../../lvgl/src/core/lv_obj_style_gen.h:349:26:lv_obj_get_style_img_recolor	24	static
../Drivers/lvgl/src/widgets/lv_canvas.c:55:12:lv_canvas_create	24	static
../Drivers/lvgl/src/widgets/lv_canvas.c:67:6:lv_canvas_set_buffer	32	static
../Drivers/lvgl/src/widgets/lv_canvas.c:83:6:lv_canvas_set_px_color	32	static
../Drivers/lvgl/src/widgets/lv_canvas.c:93:6:lv_canvas_set_px_opa	32	static
../Drivers/lvgl/src/widgets/lv_canvas.c:103:6:lv_canvas_set_palette	24	static
../Drivers/lvgl/src/widgets/lv_canvas.c:117:12:lv_canvas_get_px	24	static
../Drivers/lvgl/src/widgets/lv_canvas.c:127:16:lv_canvas_get_img	24	static
../Drivers/lvgl/src/widgets/lv_canvas.c:139:6:lv_canvas_copy_buf	48	static
../Drivers/lvgl/src/widgets/lv_canvas.c:162:6:lv_canvas_transform	120	static
../Drivers/lvgl/src/widgets/lv_canvas.c:225:6:lv_canvas_blur_hor	104	static
../Drivers/lvgl/src/widgets/lv_canvas.c:353:6:lv_canvas_blur_ver	104	static
../Drivers/lvgl/src/widgets/lv_canvas.c:486:6:lv_canvas_fill_bg	40	static
../Drivers/lvgl/src/widgets/lv_canvas.c:515:6:lv_canvas_draw_rect	504	static
../Drivers/lvgl/src/widgets/lv_canvas.c:559:6:lv_canvas_draw_text	504	static
../Drivers/lvgl/src/widgets/lv_canvas.c:595:6:lv_canvas_draw_img	504	static
../Drivers/lvgl/src/widgets/lv_canvas.c:638:6:lv_canvas_draw_line	496	static
../Drivers/lvgl/src/widgets/lv_canvas.c:679:6:lv_canvas_draw_polygon	496	static
../Drivers/lvgl/src/widgets/lv_canvas.c:717:6:lv_canvas_draw_arc	504	static
../Drivers/lvgl/src/widgets/lv_canvas.c:764:13:lv_canvas_constructor	24	static
../Drivers/lvgl/src/widgets/lv_canvas.c:783:13:lv_canvas_destructor	24	static
../Drivers/lvgl/src/widgets/lv_canvas.c:792:13:init_fake_disp	32	static
../Drivers/lvgl/src/widgets/lv_canvas.c:824:13:deinit_fake_disp	16	static
