C:/Users/phamh/STM32CubeIDE/workspace_1.16.0/LVGL_super/Drivers/lvgl/../lvgl/src/misc/../../../lvgl/src/misc/lv_anim.h:148:20:lv_anim_set_time	16	static
C:/Users/phamh/STM32CubeIDE/workspace_1.16.0/LVGL_super/Drivers/lvgl/../lvgl/src/misc/../../../lvgl/src/misc/lv_anim.h:158:20:lv_anim_set_delay	16	static
C:/Users/phamh/STM32CubeIDE/workspace_1.16.0/LVGL_super/Drivers/lvgl/../lvgl/src/misc/../../../lvgl/src/misc/lv_anim.h:169:20:lv_anim_set_values	24	static
C:/Users/phamh/STM32CubeIDE/workspace_1.16.0/LVGL_super/Drivers/lvgl/../lvgl/src/misc/../../../lvgl/src/misc/lv_anim.h:185:20:lv_anim_set_custom_exec_cb	16	static
C:/Users/phamh/STM32CubeIDE/workspace_1.16.0/LVGL_super/Drivers/lvgl/../lvgl/src/misc/../../../lvgl/src/misc/lv_anim.h:196:20:lv_anim_set_path_cb	16	static
C:/Users/phamh/STM32CubeIDE/workspace_1.16.0/LVGL_super/Drivers/lvgl/../lvgl/src/misc/../../../lvgl/src/misc/lv_anim.h:217:20:lv_anim_set_get_value_cb	16	static
C:/Users/phamh/STM32CubeIDE/workspace_1.16.0/LVGL_super/Drivers/lvgl/../lvgl/src/misc/../../../lvgl/src/misc/lv_anim.h:237:20:lv_anim_set_deleted_cb	16	static
C:/Users/phamh/STM32CubeIDE/workspace_1.16.0/LVGL_super/Drivers/lvgl/../lvgl/src/misc/../../../lvgl/src/misc/lv_anim.h:247:20:lv_anim_set_playback_time	16	static
C:/Users/phamh/STM32CubeIDE/workspace_1.16.0/LVGL_super/Drivers/lvgl/../lvgl/src/misc/../../../lvgl/src/misc/lv_anim.h:257:20:lv_anim_set_playback_delay	16	static
C:/Users/phamh/STM32CubeIDE/workspace_1.16.0/LVGL_super/Drivers/lvgl/../lvgl/src/misc/../../../lvgl/src/misc/lv_anim.h:267:20:lv_anim_set_repeat_count	16	static
C:/Users/phamh/STM32CubeIDE/workspace_1.16.0/LVGL_super/Drivers/lvgl/../lvgl/src/misc/../../../lvgl/src/misc/lv_anim.h:277:20:lv_anim_set_repeat_delay	16	static
C:/Users/phamh/STM32CubeIDE/workspace_1.16.0/LVGL_super/Drivers/lvgl/../lvgl/src/misc/../../../lvgl/src/misc/lv_anim.h:288:20:lv_anim_set_early_apply	16	static
C:/Users/phamh/STM32CubeIDE/workspace_1.16.0/LVGL_super/Drivers/lvgl/../lvgl/src/misc/../../../lvgl/src/misc/lv_anim.h:299:20:lv_anim_set_user_data	16	static
../UI/ui.c:249:6:Particle1_Animation	88	static
../UI/ui.c:271:6:Particle2_Animation	88	static
../UI/ui.c:294:6:Particle3_Animation	88	static
../UI/ui.c:317:6:Fash_Animation	88	static
../UI/ui.c:339:6:Wave1_Animation	88	static
../UI/ui.c:361:6:Wave2_Animation	88	static
../UI/ui.c:383:6:Off_Animation	88	static
../UI/ui.c:405:6:On_Animation	160	static
../UI/ui.c:446:6:Map_Animation	88	static
../UI/ui.c:468:6:Knob_Animation	160	static
../UI/ui.c:510:6:ui_event_Slider_Speed	24	static
../UI/ui.c:519:6:ui_event_Slider_Battery	24	static
../UI/ui.c:527:6:ui_event_BTN_BG1	24	static
../UI/ui.c:548:6:ui_event_BTN_BG2	24	static
../UI/ui.c:569:6:ui_event_BTN_BG3	24	static
../UI/ui.c:590:6:ui_event_Button_Pin1	24	static
../UI/ui.c:598:6:ui_event_Button_Pin2	24	static
../UI/ui.c:606:6:ui_event_Button_Pin3	24	static
../UI/ui.c:614:6:ui_event_Button_Pin4	24	static
../UI/ui.c:622:6:ui_event_Button_Pin5	24	static
../UI/ui.c:630:6:ui_event_Button_Pin6	24	static
../UI/ui.c:638:6:ui_event_Button_Pin7	24	static
../UI/ui.c:646:6:ui_event_Button_Pin8	24	static
../UI/ui.c:654:6:ui_event_Button_Pin9	24	static
../UI/ui.c:662:6:ui_event_Button_PinX	24	static
../UI/ui.c:670:6:ui_event_Button_Pin0	24	static
../UI/ui.c:678:6:ui_event_Button_PinX1	24	static
../UI/ui.c:686:6:ui_event_BTN_Settings	32	static
../UI/ui.c:694:6:ui_event_Slider2	24	static
../UI/ui.c:702:6:ui_event_Volum_On	24	static
../UI/ui.c:713:6:ui_event_Volume_Off	24	static
../UI/ui.c:724:6:ui_event_BTN_Settings1	32	static
../UI/ui.c:732:6:ui_event____initial_actions0	24	static
../UI/ui.c:749:6:ui_init	16	static
